# replay-league :: candidate=main.py :: seeds=[101, 202, 7, 42, 303, 404, 505, 777, 1234, 2026, 5555, 9001] :: opponents=5
# candidate sha256=7c5a4a2a3ba51cc4

== vs kaitofukami_v17_market_ranker.py ==
  seed   101 seat A: cand=   83318.0  opp=   86631.0  diff=    -3313.0  LOSE  ['DONE', 'DONE']
  seed   101 seat B: cand=   83094.0  opp=   86855.0  diff=    -3761.0  LOSE  ['DONE', 'DONE']
  seed   202 seat A: cand=   78033.0  opp=   78937.0  diff=     -904.0  LOSE  ['DONE', 'DONE']
  seed   202 seat B: cand=   78107.0  opp=   78863.0  diff=     -756.0  LOSE  ['DONE', 'DONE']
  seed     7 seat A: cand=   26679.0  opp=   30415.0  diff=    -3736.0  LOSE  ['DONE', 'DONE']
  seed     7 seat B: cand=   50414.0  opp=   48317.0  diff=    +2097.0  WIN  ['DONE', 'DONE']
  seed    42 seat A: cand=   64057.0  opp=   66362.0  diff=    -2305.0  LOSE  ['DONE', 'DONE']
  seed    42 seat B: cand=   64003.0  opp=   65685.0  diff=    -1682.0  LOSE  ['DONE', 'DONE']
  seed   303 seat A: cand=   55173.0  opp=   56044.0  diff=     -871.0  LOSE  ['DONE', 'DONE']
  seed   303 seat B: cand=   55207.0  opp=   56012.0  diff=     -805.0  LOSE  ['DONE', 'DONE']
  seed   404 seat A: cand=   77355.0  opp=   79127.0  diff=    -1772.0  LOSE  ['DONE', 'DONE']
  seed   404 seat B: cand=   77355.0  opp=   79127.0  diff=    -1772.0  LOSE  ['DONE', 'DONE']
  seed   505 seat A: cand=   90268.0  opp=   92162.0  diff=    -1894.0  LOSE  ['DONE', 'DONE']
  seed   505 seat B: cand=   90219.0  opp=   92109.0  diff=    -1890.0  LOSE  ['DONE', 'DONE']
  seed   777 seat A: cand=  113545.0  opp=  116294.0  diff=    -2749.0  LOSE  ['DONE', 'DONE']
  seed   777 seat B: cand=  113398.0  opp=  116544.0  diff=    -3146.0  LOSE  ['DONE', 'DONE']
  seed  1234 seat A: cand=   59806.0  opp=   64402.0  diff=    -4596.0  LOSE  ['DONE', 'DONE']
  seed  1234 seat B: cand=   59125.0  opp=   64877.0  diff=    -5752.0  LOSE  ['DONE', 'DONE']
  seed  2026 seat A: cand=   74878.0  opp=   74511.0  diff=     +367.0  WIN  ['DONE', 'DONE']
  seed  2026 seat B: cand=   72274.0  opp=   77099.0  diff=    -4825.0  LOSE  ['DONE', 'DONE']
  seed  5555 seat A: cand=   81814.0  opp=   88048.0  diff=    -6234.0  LOSE  ['DONE', 'DONE']
  seed  5555 seat B: cand=   82185.0  opp=   87680.0  diff=    -5495.0  LOSE  ['DONE', 'DONE']
  seed  9001 seat A: cand=  116929.0  opp=  115929.0  diff=    +1000.0  WIN  ['DONE', 'DONE']
  seed  9001 seat B: cand=  114377.0  opp=  117783.0  diff=    -3406.0  LOSE  ['DONE', 'DONE']
  -> win_rate=12% (3/24)  diff_min=-6234.0  diff_mean=-2425.0  cand_min_money=26679.0  sign=MIXED  all_done=True

== vs moon_counts_melons.py ==
  seed   101 seat A: cand=   83211.0  opp=   85697.0  diff=    -2486.0  LOSE  ['DONE', 'DONE']
  seed   101 seat B: cand=   82987.0  opp=   85921.0  diff=    -2934.0  LOSE  ['DONE', 'DONE']
  seed   202 seat A: cand=   77152.0  opp=   78364.0  diff=    -1212.0  LOSE  ['DONE', 'DONE']
  seed   202 seat B: cand=   77152.0  opp=   78364.0  diff=    -1212.0  LOSE  ['DONE', 'DONE']
  seed     7 seat A: cand=   26711.0  opp=   30026.0  diff=    -3315.0  LOSE  ['DONE', 'DONE']
  seed     7 seat B: cand=   28385.0  opp=   28604.0  diff=     -219.0  LOSE  ['DONE', 'DONE']
  seed    42 seat A: cand=   68541.0  opp=   70432.0  diff=    -1891.0  LOSE  ['DONE', 'DONE']
  seed    42 seat B: cand=   68590.0  opp=   70383.0  diff=    -1793.0  LOSE  ['DONE', 'DONE']
  seed   303 seat A: cand=   54996.0  opp=   56689.0  diff=    -1693.0  LOSE  ['DONE', 'DONE']
  seed   303 seat B: cand=   54996.0  opp=   56689.0  diff=    -1693.0  LOSE  ['DONE', 'DONE']
  seed   404 seat A: cand=   76699.0  opp=   78570.0  diff=    -1871.0  LOSE  ['DONE', 'DONE']
  seed   404 seat B: cand=   76699.0  opp=   78570.0  diff=    -1871.0  LOSE  ['DONE', 'DONE']
  seed   505 seat A: cand=   79413.0  opp=   80800.0  diff=    -1387.0  LOSE  ['DONE', 'DONE']
  seed   505 seat B: cand=   79068.0  opp=   81254.0  diff=    -2186.0  LOSE  ['DONE', 'DONE']
  seed   777 seat A: cand=  112623.0  opp=  115389.0  diff=    -2766.0  LOSE  ['DONE', 'DONE']
  seed   777 seat B: cand=  112488.0  opp=  115659.0  diff=    -3171.0  LOSE  ['DONE', 'DONE']
  seed  1234 seat A: cand=   44503.0  opp=   47630.0  diff=    -3127.0  LOSE  ['DONE', 'DONE']
  seed  1234 seat B: cand=   44452.0  opp=   47667.0  diff=    -3215.0  LOSE  ['DONE', 'DONE']
  seed  2026 seat A: cand=   74779.0  opp=   74689.0  diff=      +90.0  WIN  ['DONE', 'DONE']
  seed  2026 seat B: cand=   72176.0  opp=   77166.0  diff=    -4990.0  LOSE  ['DONE', 'DONE']
  seed  5555 seat A: cand=   95651.0  opp=   97884.0  diff=    -2233.0  LOSE  ['DONE', 'DONE']
  seed  5555 seat B: cand=   96036.0  opp=   97499.0  diff=    -1463.0  LOSE  ['DONE', 'DONE']
  seed  9001 seat A: cand=  116954.0  opp=  115869.0  diff=    +1085.0  WIN  ['DONE', 'DONE']
  seed  9001 seat B: cand=  114344.0  opp=  117644.0  diff=    -3300.0  LOSE  ['DONE', 'DONE']
  -> win_rate=8% (2/24)  diff_min=-4990.0  diff_mean=-2035.5  cand_min_money=26711.0  sign=MIXED  all_done=True

== vs pilkwang_economic_control.py ==
  seed   101 seat A: cand=   82584.0  opp=   79953.0  diff=    +2631.0  WIN  ['DONE', 'DONE']
  seed   101 seat B: cand=   62464.0  opp=   56016.0  diff=    +6448.0  WIN  ['DONE', 'DONE']
  seed   202 seat A: cand=   74055.0  opp=   72676.0  diff=    +1379.0  WIN  ['DONE', 'DONE']
  seed   202 seat B: cand=   74055.0  opp=   72676.0  diff=    +1379.0  WIN  ['DONE', 'DONE']
  seed     7 seat A: cand=   57675.0  opp=   48436.0  diff=    +9239.0  WIN  ['DONE', 'DONE']
  seed     7 seat B: cand=   76741.0  opp=   63229.0  diff=   +13512.0  WIN  ['DONE', 'DONE']
  seed    42 seat A: cand=   59552.0  opp=   44449.0  diff=   +15103.0  WIN  ['DONE', 'DONE']
  seed    42 seat B: cand=   61416.0  opp=   43279.0  diff=   +18137.0  WIN  ['DONE', 'DONE']
  seed   303 seat A: cand=   74731.0  opp=   60676.0  diff=   +14055.0  WIN  ['DONE', 'DONE']
  seed   303 seat B: cand=   74731.0  opp=   60676.0  diff=   +14055.0  WIN  ['DONE', 'DONE']
  seed   404 seat A: cand=  100777.0  opp=   92148.0  diff=    +8629.0  WIN  ['DONE', 'DONE']
  seed   404 seat B: cand=  100777.0  opp=   92148.0  diff=    +8629.0  WIN  ['DONE', 'DONE']
  seed   505 seat A: cand=   98659.0  opp=   94240.0  diff=    +4419.0  WIN  ['DONE', 'DONE']
  seed   505 seat B: cand=   98659.0  opp=   94240.0  diff=    +4419.0  WIN  ['DONE', 'DONE']
  seed   777 seat A: cand=   77121.0  opp=   68141.0  diff=    +8980.0  WIN  ['DONE', 'DONE']
  seed   777 seat B: cand=   77367.0  opp=   68062.0  diff=    +9305.0  WIN  ['DONE', 'DONE']
  seed  1234 seat A: cand=  104037.0  opp=   84607.0  diff=   +19430.0  WIN  ['DONE', 'DONE']
  seed  1234 seat B: cand=  104037.0  opp=   84607.0  diff=   +19430.0  WIN  ['DONE', 'DONE']
  seed  2026 seat A: cand=   66214.0  opp=   71194.0  diff=    -4980.0  LOSE  ['DONE', 'DONE']
  seed  2026 seat B: cand=   55201.0  opp=   66929.0  diff=   -11728.0  LOSE  ['DONE', 'DONE']
  seed  5555 seat A: cand=   58734.0  opp=   39730.0  diff=   +19004.0  WIN  ['DONE', 'DONE']
  seed  5555 seat B: cand=   59103.0  opp=   39735.0  diff=   +19368.0  WIN  ['DONE', 'DONE']
  seed  9001 seat A: cand=   63228.0  opp=   49119.0  diff=   +14109.0  WIN  ['DONE', 'DONE']
  seed  9001 seat B: cand=   77928.0  opp=   58999.0  diff=   +18929.0  WIN  ['DONE', 'DONE']
  -> win_rate=92% (22/24)  diff_min=-11728.0  diff_mean=+9745.0  cand_min_money=55201.0  sign=MIXED  all_done=True

== vs roman_hamburger_anchor.py ==
  seed   101 seat A: cand=   87246.0  opp=   87120.0  diff=     +126.0  WIN  ['DONE', 'DONE']
  seed   101 seat B: cand=   87120.0  opp=   87246.0  diff=     -126.0  LOSE  ['DONE', 'DONE']
  seed   202 seat A: cand=   77990.0  opp=   78104.0  diff=     -114.0  LOSE  ['DONE', 'DONE']
  seed   202 seat B: cand=   77990.0  opp=   78104.0  diff=     -114.0  LOSE  ['DONE', 'DONE']
  seed     7 seat A: cand=   36460.0  opp=   38901.0  diff=    -2441.0  LOSE  ['DONE', 'DONE']
  seed     7 seat B: cand=   38901.0  opp=   36460.0  diff=    +2441.0  WIN  ['DONE', 'DONE']
  seed    42 seat A: cand=   69319.0  opp=   69367.0  diff=      -48.0  LOSE  ['DONE', 'DONE']
  seed    42 seat B: cand=   69367.0  opp=   69319.0  diff=      +48.0  WIN  ['DONE', 'DONE']
  seed   303 seat A: cand=   55879.0  opp=   55879.0  diff=       +0.0  TIE  ['DONE', 'DONE']
  seed   303 seat B: cand=   55879.0  opp=   55879.0  diff=       +0.0  TIE  ['DONE', 'DONE']
  seed   404 seat A: cand=   78733.0  opp=   78733.0  diff=       +0.0  TIE  ['DONE', 'DONE']
  seed   404 seat B: cand=   78733.0  opp=   78733.0  diff=       +0.0  TIE  ['DONE', 'DONE']
  seed   505 seat A: cand=   80843.0  opp=   80565.0  diff=     +278.0  WIN  ['DONE', 'DONE']
  seed   505 seat B: cand=   80565.0  opp=   80843.0  diff=     -278.0  LOSE  ['DONE', 'DONE']
  seed   777 seat A: cand=  114191.0  opp=  114052.0  diff=     +139.0  WIN  ['DONE', 'DONE']
  seed   777 seat B: cand=  114052.0  opp=  114191.0  diff=     -139.0  LOSE  ['DONE', 'DONE']
  seed  1234 seat A: cand=   63041.0  opp=   62441.0  diff=     +600.0  WIN  ['DONE', 'DONE']
  seed  1234 seat B: cand=   62441.0  opp=   63041.0  diff=     -600.0  LOSE  ['DONE', 'DONE']
  seed  2026 seat A: cand=   76010.0  opp=   73460.0  diff=    +2550.0  WIN  ['DONE', 'DONE']
  seed  2026 seat B: cand=   73460.0  opp=   76010.0  diff=    -2550.0  LOSE  ['DONE', 'DONE']
  seed  5555 seat A: cand=   85103.0  opp=   85469.0  diff=     -366.0  LOSE  ['DONE', 'DONE']
  seed  5555 seat B: cand=   85469.0  opp=   85103.0  diff=     +366.0  WIN  ['DONE', 'DONE']
  seed  9001 seat A: cand=  117532.0  opp=  114988.0  diff=    +2544.0  WIN  ['DONE', 'DONE']
  seed  9001 seat B: cand=  114988.0  opp=  117532.0  diff=    -2544.0  LOSE  ['DONE', 'DONE']
  -> win_rate=38% (9/24)  diff_min=-2550.0  diff_mean=-9.5  cand_min_money=36460.0  sign=MIXED  all_done=True

== vs soil_remembers_rain.py ==
  seed   101 seat A: cand=   83428.0  opp=   86796.0  diff=    -3368.0  LOSE  ['DONE', 'DONE']
  seed   101 seat B: cand=   83205.0  opp=   87019.0  diff=    -3814.0  LOSE  ['DONE', 'DONE']
  seed   202 seat A: cand=   77058.0  opp=   78193.0  diff=    -1135.0  LOSE  ['DONE', 'DONE']
  seed   202 seat B: cand=   77058.0  opp=   78193.0  diff=    -1135.0  LOSE  ['DONE', 'DONE']
  seed     7 seat A: cand=   26927.0  opp=   30348.0  diff=    -3421.0  LOSE  ['DONE', 'DONE']
  seed     7 seat B: cand=   28609.0  opp=   28591.0  diff=      +18.0  WIN  ['DONE', 'DONE']
  seed    42 seat A: cand=   68624.0  opp=   69897.0  diff=    -1273.0  LOSE  ['DONE', 'DONE']
  seed    42 seat B: cand=   68673.0  opp=   69848.0  diff=    -1175.0  LOSE  ['DONE', 'DONE']
  seed   303 seat A: cand=   55121.0  opp=   56182.0  diff=    -1061.0  LOSE  ['DONE', 'DONE']
  seed   303 seat B: cand=   55121.0  opp=   56182.0  diff=    -1061.0  LOSE  ['DONE', 'DONE']
  seed   404 seat A: cand=   77351.0  opp=   79171.0  diff=    -1820.0  LOSE  ['DONE', 'DONE']
  seed   404 seat B: cand=   77351.0  opp=   79171.0  diff=    -1820.0  LOSE  ['DONE', 'DONE']
  seed   505 seat A: cand=   79316.0  opp=   80772.0  diff=    -1456.0  LOSE  ['DONE', 'DONE']
  seed   505 seat B: cand=   79036.0  opp=   81052.0  diff=    -2016.0  LOSE  ['DONE', 'DONE']
  seed   777 seat A: cand=  113437.0  opp=  116282.0  diff=    -2845.0  LOSE  ['DONE', 'DONE']
  seed   777 seat B: cand=  113287.0  opp=  116507.0  diff=    -3220.0  LOSE  ['DONE', 'DONE']
  seed  1234 seat A: cand=   45119.0  opp=   48916.0  diff=    -3797.0  LOSE  ['DONE', 'DONE']
  seed  1234 seat B: cand=   45068.0  opp=   48953.0  diff=    -3885.0  LOSE  ['DONE', 'DONE']
  seed  2026 seat A: cand=   74786.0  opp=   74686.0  diff=     +100.0  WIN  ['DONE', 'DONE']
  seed  2026 seat B: cand=   72183.0  opp=   77163.0  diff=    -4980.0  LOSE  ['DONE', 'DONE']
  seed  5555 seat A: cand=   96347.0  opp=   98719.0  diff=    -2372.0  LOSE  ['DONE', 'DONE']
  seed  5555 seat B: cand=   96732.0  opp=   98334.0  diff=    -1602.0  LOSE  ['DONE', 'DONE']
  seed  9001 seat A: cand=  116954.0  opp=  115915.0  diff=    +1039.0  WIN  ['DONE', 'DONE']
  seed  9001 seat B: cand=  114343.0  opp=  117678.0  diff=    -3335.0  LOSE  ['DONE', 'DONE']
  -> win_rate=12% (3/24)  diff_min=-4980.0  diff_mean=-2059.8  cand_min_money=26927.0  sign=MIXED  all_done=True

#### FIELD SUMMARY (excl. self-mirror) ####
  opponents=5  games=120  field_win_rate=39/120=32.5%  field_diff_min=-11728.0  field_diff_mean=+643.0
  ALL-WIN vs: []
  ALL-LOSE vs: []
  MIXED vs: ['kaitofukami_v17_market_ranker.py', 'moon_counts_melons.py', 'pilkwang_economic_control.py', 'roman_hamburger_anchor.py', 'soil_remembers_rain.py']

# wrote results/baseline/moon198_league.json
